------------------------------------------------------------
Timing Analyzer Summary
------------------------------------------------------------

Type  : Slow 1200mV 85C Model Setup 'divFreq:divisor|divF_clk_o'
Slack : -22.344
TNS   : -50857.256

Type  : Slow 1200mV 85C Model Setup 'clk_i'
Slack : -3.980
TNS   : -70.591

Type  : Slow 1200mV 85C Model Hold 'clk_i'
Slack : 0.654
TNS   : 0.000

Type  : Slow 1200mV 85C Model Hold 'divFreq:divisor|divF_clk_o'
Slack : 1.821
TNS   : 0.000

Type  : Slow 1200mV 85C Model Minimum Pulse Width 'clk_i'
Slack : -3.000
TNS   : -45.405

Type  : Slow 1200mV 85C Model Minimum Pulse Width 'divFreq:divisor|divF_clk_o'
Slack : -1.285
TNS   : -3955.230

Type  : Slow 1200mV 0C Model Setup 'divFreq:divisor|divF_clk_o'
Slack : -20.593
TNS   : -46453.773

Type  : Slow 1200mV 0C Model Setup 'clk_i'
Slack : -3.618
TNS   : -60.226

Type  : Slow 1200mV 0C Model Hold 'clk_i'
Slack : 0.598
TNS   : 0.000

Type  : Slow 1200mV 0C Model Hold 'divFreq:divisor|divF_clk_o'
Slack : 1.673
TNS   : 0.000

Type  : Slow 1200mV 0C Model Minimum Pulse Width 'clk_i'
Slack : -3.000
TNS   : -45.405

Type  : Slow 1200mV 0C Model Minimum Pulse Width 'divFreq:divisor|divF_clk_o'
Slack : -1.285
TNS   : -3955.230

Type  : Fast 1200mV 0C Model Setup 'divFreq:divisor|divF_clk_o'
Slack : -10.605
TNS   : -24328.929

Type  : Fast 1200mV 0C Model Setup 'clk_i'
Slack : -1.509
TNS   : -18.531

Type  : Fast 1200mV 0C Model Hold 'clk_i'
Slack : 0.298
TNS   : 0.000

Type  : Fast 1200mV 0C Model Hold 'divFreq:divisor|divF_clk_o'
Slack : 0.815
TNS   : 0.000

Type  : Fast 1200mV 0C Model Minimum Pulse Width 'clk_i'
Slack : -3.000
TNS   : -38.079

Type  : Fast 1200mV 0C Model Minimum Pulse Width 'divFreq:divisor|divF_clk_o'
Slack : -1.000
TNS   : -3078.000

------------------------------------------------------------
