------------------------------------------------------------
Timing Analyzer Summary
------------------------------------------------------------

Type  : Slow 1200mV 85C Model Setup 'monociclo:PC|pc_r[2]'
Slack : -24.219
TNS   : -24.219

Type  : Slow 1200mV 85C Model Setup 'divFreq:divisor|divF_clk_o'
Slack : -23.388
TNS   : -58357.656

Type  : Slow 1200mV 85C Model Setup 'clk_i'
Slack : -4.054
TNS   : -73.316

Type  : Slow 1200mV 85C Model Hold 'divFreq:divisor|divF_clk_o'
Slack : 0.404
TNS   : 0.000

Type  : Slow 1200mV 85C Model Hold 'clk_i'
Slack : 0.654
TNS   : 0.000

Type  : Slow 1200mV 85C Model Hold 'monociclo:PC|pc_r[2]'
Slack : 1.947
TNS   : 0.000

Type  : Slow 1200mV 85C Model Minimum Pulse Width 'clk_i'
Slack : -3.000
TNS   : -45.405

Type  : Slow 1200mV 85C Model Minimum Pulse Width 'divFreq:divisor|divF_clk_o'
Slack : -1.285
TNS   : -3987.355

Type  : Slow 1200mV 85C Model Minimum Pulse Width 'monociclo:PC|pc_r[2]'
Slack : 0.414
TNS   : 0.000

Type  : Slow 1200mV 0C Model Setup 'monociclo:PC|pc_r[2]'
Slack : -22.267
TNS   : -22.267

Type  : Slow 1200mV 0C Model Setup 'divFreq:divisor|divF_clk_o'
Slack : -21.560
TNS   : -53528.900

Type  : Slow 1200mV 0C Model Setup 'clk_i'
Slack : -3.666
TNS   : -62.904

Type  : Slow 1200mV 0C Model Hold 'divFreq:divisor|divF_clk_o'
Slack : 0.356
TNS   : 0.000

Type  : Slow 1200mV 0C Model Hold 'clk_i'
Slack : 0.598
TNS   : 0.000

Type  : Slow 1200mV 0C Model Hold 'monociclo:PC|pc_r[2]'
Slack : 1.861
TNS   : 0.000

Type  : Slow 1200mV 0C Model Minimum Pulse Width 'clk_i'
Slack : -3.000
TNS   : -45.405

Type  : Slow 1200mV 0C Model Minimum Pulse Width 'divFreq:divisor|divF_clk_o'
Slack : -1.285
TNS   : -3987.355

Type  : Slow 1200mV 0C Model Minimum Pulse Width 'monociclo:PC|pc_r[2]'
Slack : 0.316
TNS   : 0.000

Type  : Fast 1200mV 0C Model Setup 'monociclo:PC|pc_r[2]'
Slack : -11.455
TNS   : -11.455

Type  : Fast 1200mV 0C Model Setup 'divFreq:divisor|divF_clk_o'
Slack : -11.148
TNS   : -27678.726

Type  : Fast 1200mV 0C Model Setup 'clk_i'
Slack : -1.595
TNS   : -19.880

Type  : Fast 1200mV 0C Model Hold 'divFreq:divisor|divF_clk_o'
Slack : 0.179
TNS   : 0.000

Type  : Fast 1200mV 0C Model Hold 'clk_i'
Slack : 0.299
TNS   : 0.000

Type  : Fast 1200mV 0C Model Hold 'monociclo:PC|pc_r[2]'
Slack : 0.855
TNS   : 0.000

Type  : Fast 1200mV 0C Model Minimum Pulse Width 'clk_i'
Slack : -3.000
TNS   : -38.033

Type  : Fast 1200mV 0C Model Minimum Pulse Width 'divFreq:divisor|divF_clk_o'
Slack : -1.000
TNS   : -3103.000

Type  : Fast 1200mV 0C Model Minimum Pulse Width 'monociclo:PC|pc_r[2]'
Slack : 0.384
TNS   : 0.000

------------------------------------------------------------
